[   0.0000] Liuxersion 4.15.0-5-generic (buil@lgw01md64-031) (gcc version 7.3.0 (Ubuntu 7.3.0-16ubuntu3)) #48-Ubuntu SMP Tue Jan 29 16:28:13 UTC 2019 (Ubuntu 4.15.0-45.48-generic 4.15.18)
[    0.000000] Command line: BOOT_IMAGE=/boot/vmlinuz-4.15.0-45-generic root=UUID=6d1c383c-39d5-4f00-a7aa-122d162d6429 ro console=tty1 console=ttyS0
[    0.000000] KERNEL supported cpus:
[    0.000000]   Intel GenuineIntel
[    0.000000]   AMD AuthenticAMD
[    0.000000]   Centaur CentaurHauls
[    0.000000] x86/fpu: Supporting XSAVE feature 0x001: 'x87 floating point registers'
[    0.000000] x86/fpu: Supporting XSAVE feature 0x002: 'SSE registers'
[    0.000000] x86/fpu: Supporting XSAVE feature 0x004: 'AVX registers'
[    0.000000] x86/fpu: xstate_offset[2]:  576, xstate_sizes[2]:  256
[    0.000000] x86/fpu: Enabled xstate features 0x7, context size is 832 bytes, using 'standard' format.
[    0.000000] e820: BIOS-provided physical RAM map:
[    0.000000] BIOS-e820: [mem 0x0000000000000000-0x000000000009fbff] usable
[    0.000000] BIOS-e820: [mem 0x000000000009fc00-0x000000000009ffff] reserved
[    0.000000] BIOS-e820: [mem 0x00000000000f0000-0x00000000000fffff] reserved
[    0.000000] BIOS-e820: [mem 0x0000000000100000-0x000000003ffeffff] usable
[    0.000000] BIOS-e820: [mem 0x000000003fff0000-0x000000003fffffff] ACPI data
[    0.000000] BIOS-e820: [mem 0x00000000fec00000-0x00000000fec00fff] reserved
[    0.000000] BIOS-e820: [mem 0x00000000fee00000-0x00000000fee00fff] reserved
[    0.000000] BIOS-e820: [mem 0x00000000fffc0000-0x00000000ffffffff] reserved
[    0.000000] NX (Execute Disable) protection: active
[    0.000000] SMBIOS 2.5 present.
[   000000]MI: nntek GmbHVitualBox/VirtalBox, IOS Virtualx 12/0/206
[    0.000000]Hyerviso detected: KVM
  0.00000]e80: las_pn = 0xff0 maarh_pf = 0x0000000
[  .000000] MTR:Disaed
[    0.000000] x86/PAT: MTRRs disabled, skipping PAT initialization too.
[    0.000000] CPU MTRRs all blank - virtualized system.
[    0.000000] x86/PAT: Configuration [0-7]: WB  WT  UC- UC  WB  WT  UC- UC  
[    0.000000] found SMP MP-table at [mem 0x0009fff0-0x0009ffff] mapped at [        (ptrval)]
[    0.000000] Scanning 1 areas for low memory corruption
[    0.000000] RAMDISK: [mem 0x359d5000-0x36ce1fff]
[    0.000000] ACPI: Early table checksum verification disabled
[    0.000000] ACPI: RSDP 0x00000000000E0000 000024 (v02 VBOX  )
[    0.000000] ACPI: XSDT 0x000000003FFF0030 00003C (v01 VBOX   VBOXXSDT 00000001 ASL  00000061)
[    0.000000] ACPI:  FACP 0x000000003FFF00F0 0000F4 (v04 VBOX   VBOXFACP 00000001 ASL  00000061)
[    0.000000] ACPI: DSDT 0x000000003FFF0470 0021FF (v02 VBOX   VBOXBIOS 00000002 INTL 20100528)
[    0.000000] ACPI: FACS 0x000000003FFF0200 000040
[    0.000000] ACPI: FACS 0x000000003FFF0200 000040
[    0.000000] ACPI: APIC 0x000000003FFF0240 00005C (v02 VBOX   VBOXAPIC 00000001 ASL  00000061)
[    0.000000] ACPI: SSDT 0x000000003FFF02A0 0001CC (v01 VBOX   VBOXCPUT 00000002 INTL 20100528)
[    0.000000] No NUMA configuration found
[    0.000000] Faking a node at [mem 0x0000000000000000-0x000000003ffeffff]
[    0.000000] NODE_DATA(0) allocated [mem 0x3ffc5000-0x3ffeffff]
[    0.000000] kvm-clock: cpu 0, msr 0:3ff44001, primary cpu clock
[    0.000000] kvm-clock: Using msrs 4b564d01 and 4b564d00
[    0.000000] kvm-clock: using sched offset of 4098694864 cycles
[    0.000000] clocksource: kvm-clock: mask: 0xffffffffffffffff max_cycles: 0x1cd42e4dffb, max_idle_ns: 881590591483 ns
[    0.000000] Zone ranges:
[    0.000000]   DMA      [mem 0x0000000000001000-0x0000000000ffffff]
[    0.000000]   DMA32    [mem 0x0000000001000000-0x000000003ffeffff]
[    0.000000]   Normal   empty
[    0.000000]   Device   empty
[    0.000000] Movable zone start for each node
[    0.000000] Early memory node ranges
[    0.000000]   node   0: [mem 0x0000000000001000-0x000000000009efff]
[    0.000000]   node   0: [mem 0x0000000000100000-0x000000003ffeffff]
[   0.000] Rseved bu uavaiabe: 14 ges[   .00000] nitme stup de0 [me 00000000000100-0x000000003ffeffff]
  0.000000ACPI: M-mer O rt: 0x008
   0.00000]IOAP[0: apic_id 2,version 32, address 0xfec00000, GSI 0-23
[    0.000000] ACPI: INT_SRC_OVR (bus 0 bus_irq 0 global_irq 2 dfl dfl)
[    0.000000] ACPI: INT_SRC_OVR (bus 0 bus_irq 9 global_irq 9 low level)
[    0.000000] Using ACPI (MADT) for SMP configuration information
[    0.000000] smpboot: Allowing 2 CPUs, 0 hotplug CPUs
[    0.000000] PM: Registered nosave memory: [mem 0x00000000-0x00000fff]
[    0.000000] PM: Registered nosave memory: [mem 0x0009f000-0x0009ffff]
[    0.000000] PM: Registered nosave memory: [mem 0x000a0000-0x000effff]
[    0.000000] PM: Registered nosave memory: [mem 0x000f0000-0x000fffff]
[    0.000000] e820: [mem 0x40000000-0xfebfffff] available for PCI devices
[    0.000000] Booting paravirtualized kernel on KVM
[    0.000000] clocksource: refined-jiffies: mask: 0xffffffff max_cycles: 0xffffffff, max_idle_ns: 7645519600211568 ns
[    0.000000] random: get_random_bytes called from start_kernel+0x99/0x4fd with crng_init=0
[    0.000000] setup_percpu: NR_CPUS:8192 nr_cpumask_bits:2 nr_cpu_ids:2 nr_node_ids:1
[    0.000000] percpu: Embedded 46 pages/cpu @        (ptrval) s151552 r8192 d28672 u04576
[  0.0000]PV qpiock hah abe entries: 26 (oder: 0, 496 bte)
[    0.0000] Blt1 zoelts, mobiit gropig on  tal ags: 257913[    0.000] Poic zne: DMA3
[    0.0000 Kerel command line: BOOT_IMAGE=/boot/vmlinuz-4.15.0-45-generic root=UUID=6d1c383c-39d5-4f00-a7aa-122d162d6429 ro console=tty1 console=ttyS0
[    0.000000] Memory: 983076K/1048120K available (12300K kernel code, 2473K rwdata, 4252K rodata, 2408K init, 2416K bss, 65044K reserved, 0K cma-reserved)
[    0.000000 SLUB: HWalign=64, Order=0-3, MinObjects=0, CPUs=2, Nodes=1
[     0.000000] Kernel/User page tables isolation: enabled
[    0.000000] ftrace: allocating 39194 entries in 154 pages
[    0.004000] ierarchial RU mpemenaton.
[   .004000] 	RCUresticin CPUs fomNRCPUS=8192 to n_cu_ids=2.
[    0.0400] 	Tasks RCU enabed.
[  0.040] RCU: Adjstng gomeryfor cuanout_leaf=16, n_cpu_ids2
[   0.00400] NR_IQS: 524544, nr_irqs: 440, preallocated irqs: 16
[    0.004000] Console: colour VGA+ 80x25
[    0.004000] console [tty1] enabled
[    0.004000] console [ttyS0] enabled
[    0.004000] ACPI: Core revision 20170831
[    0.004000] ACPI: 2 ACPI AML tables successfully acquired and loaded
[    0.004000] APIC: Switch to symmetric I/O mode setup
[    0.004000] x2apic enabled
[    0.004000] Switched APIC routing to physical x2apic.
[    0.005139] ..TIMER: vector=0x30 apic1=0 pin1=2 apic2=-1 pin2=-1
[    0.008003] tsc: Detected 2304.000 MHz processor
[    0.012011] Calibrating delay loop (skipped) preset value.. 4608.00 BogoMIPS (lpj=9216000)
[    0.014569] pid_max: default: 32768 minimum: 301
[    0.016041] Security Framework initialized
[    0.017186] Yama: becoming mindful.
[    0.018442] AppArmor: AppArmor initialized
[    0.020193] Dentry cache hash table entries: 131072 (order: 8, 1048576 bytes)
[    0.022309] Inode-cache hash table entries: 65536 (order: 7, 524288 bytes)
[    0.024016] Mount-cache hash table entries: 2048 (order: 2, 16384 bytes)
[    0.025711] Mountpoint-cache hash table entries: 2048 (order: 2, 16384 bytes)
[    0.028210] mce: CPU supports 0 MCE banks

[    0.029503] Last level iTLB entries: 4KB 64, 2MB 8, 4MB 8
[    0.031172] Last level dTLB entries: 4KB 64, 2MB 0, 4MB 0, 1GB 4
[    0.032004] Spectre V2 : Mitigation: Full generic retpoline
[    0.033740] Spectre V2 : Spectre v2 / SpectreRSB mitigation: Filling RSB on context switch
[    0.036003] Speculative Store Bypass: Vulnerable
[    0.037289] Freeing SMP alternatives memory: 36K
[    0.044000] smpboot: CPU0: Intel(R) Core(TM) i5-8259U CPU @ 2.30GHz (family: 0x6, model: 0x8e, stepping: 0xa)
[    0.044186] Performance Events: unsupported p6 CPU model 142 no PMU driver, software events only.
[    0.048070] Hierarchical SRCU implementation.
[    0.052718] NMI watchdog: Perf event create on CPU 0 failed with -2
[    0.056008] NMI watchdog: Perf NMI watchdog permanently disabled
[    0.060100] smp: Bringing up secondary CPUs ...
[    0.064114] x86: Booting SMP configuration:
[    0.068010] .... node  #0, CPUs:      #1
[    0.004000] kvm-clock: cpu 1, msr 0:3ff44041, secondary cpu clock
[    0.004000] mce: CPU supports 0 MCE banks
[    0.112025] smp: Brought up 1 node, 2 CPUs
[    0.116013] smpboot: Max logical packages: 1
[    0.120009] smpboot: Total of 2 processors activated (9216.00 BogoMIPS)
[    0.124251] devtmpfs: initialized
[    0.128064] x86/mm: Memory block size: 128MB
[    0.132230] evm: security.selinux
[    0.136004] evm: security.SMACK64
[    0.137161] evm: security.SMACK64EXEC
[    0.138201] evm: security.SMACK64TRANSMUTE
[    0.139334] evm: security.SMACK64MMAP
[    0.140005] evm: security.apparmor
[    0.141264] evm: security.ima
[    0.142153] evm: security.capability
[    0.144087] clocksource: jiffies: mask: 0xffffffff max_cycles: 0xffffffff, max_idle_ns: 7645041785100000 ns
[    0.146734] futex hash table entries: 512 (order: 3, 32768 bytes)
[    0.148068] pinctrl core: initialized pinctrl subsystem
[    0.152189] RTC time:  4:13:26, date: 02/16/19
[    0.153901] NET: Registered protocol family 16
[    0.155192] audit: initializing netlink subsys (disabled)
[    0.156039] audit: type=2000 audit(1550290406.711:1): state=initialized audit_enabled=0 res=1
[    0.156266] cpuidle: using governor ladder
[    0.160008] cpuidle: using governor menu
[    0.161206] ACPI: bus type PCI registered
[    0.162667] acpiphp: ACPI Hot Plug PCI Controller Driver version: 0.5
[    0.164124] PCI: Using configuration type 1 for base access
[    0.168488] HugeTLB registered 2.00 MiB page size, pre-allocated 0 pages
[    0.170007] ACPI: Added _OSI(Module Device)
[    0.172028] ACPI: Added _OSI(Processor Device)
[    0.173437] ACPI: Added _OSI(3.0 _SCP Extensions)
[    0.174640] ACPI: Added _OSI(Processor Aggregator Device)
[    0.176004] ACPI: Added _OSI(Linux-Dell-Video)
[    0.177248] ACPI: Added _OSI(Linux-Lenovo-NV-HDMI-Audio)
[    0.178943] ACPI: Added _OSI(Linux-HPI-Hybrid-Graphics)
[    0.180478] ACPI: Executed 1 blocks of module-level executable AML code
[    0.185727] ACPI: Interpreter enabled
[    0.186657] ACPI: (supports S0 S5)
[    0.188003] ACPI: Using IOAPIC for interrupt routing
[    0.189405] PCI: Using host bridge windows from ACPI; if necessary, use "pci=nocrs" and report a bug
[    0.192247] ACPI: Enabled 2 GPEs in block 00 to 07
[    0.201800] ACPI: PCI Root Bridge [PCI0] (domain 0000 [bus 00-ff])
[    0.204021] acpi PNP0A03:00: _OSC: OS supports [ASPM ClockPM Segments MSI]
[    0.208043] acpi PNP0A03:00: _OSC: not requesting OS control; OS requires [ExtendedConfig ASPM ClockPM MSI]
[    0.212024] acpi PNP0A03:00: fail to add MMCONFIG information, can't access extended PCI configuration space under this bridge.
[    0.216512] PCI host bridge to bus 0000:00
[    0.220012] pci_bus 0000:00: root bus resource [io  0x0000-0x0cf7 window]
[    0.224011] pci_bus 0000:00: root bus resource [io  0x0d00-0xffff window]
[    0.228010] pci_bus 0000:00: root bus resource [mem 0x000a0000-0x000bffff window]
[    0.232013] pci_bus 0000:00: root bus resource [mem 0x40000000-0xfdffffff window]
[    0.236011] pci_bus 0000:00: root bus resource [bus 00-ff]
[    0.246119] pci 0000:00:01.1: legacy IDE quirk: reg 0x10: [io  0x01f0-0x01f7]
[    0.248011] pci 0000:00:01.1: legacy IDE quirk: reg 0x14: [io  0x03f6]
[    0.252011] pci 0000:00:01.1: legacy IDE quirk: reg 0x18: [io  0x0170-0x0177]
[    0.256010] pci 0000:00:01.1: legacy IDE quirk: reg 0x1c: [io  0x0376]
[    0.277273] pci 0000:00:07.0: quirk: [io  0x4000-0x403f] claimed by PIIX4 ACPI
[    0.279420] pci 0000:00:07.0: quirk: [io  0x4100-0x410f] claimed by PIIX4 SMB
[    0.295086] ACPI: PCI Interrupt Link [LNKA] (IRQs 5 9 10 *11)
[    0.296320] ACPI: PCI Interrupt Link [LNKB] (IRQs 5 9 *10 11)
[    0.298213] ACPI: PCI Interrupt Link [LNKC] (IRQs 5 *9 10 11)
[    0.300171] ACPI: PCI Interrupt Link [LNKD] (IRQs 5 9 10 *11)
[    0.302342] SCSI subsystem initialized
[    0.304034] pci 0000:00:02.0: vgaarb: setting as boot VGA device
[    0.305835] pci 0000:00:02.0: vgaarb: VGA device added: decodes=io+mem,owns=io+mem,locks=none
[    0.307841] pci 0000:00:02.0: vgaarb: bridge control possible
[    0.308024] vgaarb: loaded
[    0.308749] ACPI: bus type USB registered
[    0.310232] usbcore: registered new interface driver usbfs
[    0.312009] usbcore: registered new interface driver hub
[    0.316039] usbcore: registered new device driver usb
[    0.320106] EDAC MC: Ver: 3.0.0
[    0.324394] PCI: Using ACPI for IRQ routing
[    0.328469] NetLabel: Initializing
[    0.332006] NetLabel:  domain hash size = 128
[    0.336005] NetLabel:  protocols = UNLABELED CIPSOv4 CALIPSO
[    0.340035] NetLabel:  unlabeled traffic allowed by default
[    0.344150] clocksource: Switched to clocksource kvm-clock
[    04216] VFS: Di qta dot6.0  0.74060VFS: Dqotac hash table entries: 512 (order 0, 4096 bytes)

[    1.010206] AppArmor: AppArmor Filesystem Enabled
[    1.011977] pnp: PnP ACPI init
[    1.014597] pnp: PnP ACPI: found 3 devices
[    1.027896] clocksource: acpi_pm: mask: 0xffffff max_cycles: 0xffffff, max_idle_ns: 2085701024 ns
[    1.030746] NET: Registered protocol family 2
[    1.033986] TCP established hash table entries: 8192 (order: 4, 65536 bytes)
[    1.036003] TCP bind hash table entries: 8192 (order: 5, 131072 bytes)
[    1.038074] TCP: Hash tables configured (established 8192 bind 8192)
[    1.039753] UDP hash table entries: 512 (order: 2, 16384 bytes)
[    1.041409] UDP-Lite hash table entries: 512 (order: 2, 16384 bytes)
[    1.043031] NET: Registered protocol family 1
[    1.044474] pci 0000:00:00.0: Limiting direct PCI/PCI transfers
[    1.046044] pci 0000:00:01.0: Activating ISA DMA hang workarounds
[    1.048062] pci 0000:00:02.0: Video device with shadowed ROM at [mem 0x000c0000-0x000dffff]
[    1.050583] Unpacking initramfs...
[    1.330918] Freeing initrd memory: 19508K
[    1.418770] platform rtc_cmos: registered platform RTC device (no PNP device found)
[    1.521442] Scanning for low memory corruption every 60 seconds
[    1.569626] Initialise system trusted keyrings
[    1.616567] Key type blacklist registered
[    1.672843] workingset: timestamp_bits=36 max_order=18 bucket_order=0
[    1.768385] zbud: loaded
[    1.794256] squashfs: version 4.0 (2009/01/31) Phillip Lougher
[    1.846218] fuse init (API version 7.26)
[    1.885634] Key type asymmetric registered
[    1.893367] Asymmetric key parser 'x509' registered
[    1.894628] Block layer SCSI generic (bsg) driver version 0.4 loaded (major 246)
[    1.908652] io scheduler noop registered
[    1.947663] io scheduler deadline registered
[    2.001683] io scheduler cfq registered (default)
[    2.064466] ACPI: AC Adapter [AC] (on-line)
[    2.100922] input: Power Button as /devices/LNXSYSTM:00/LNXPWRBN:00/input/input0
[    2.110085] ACPI: Power Button [PWRF]
[    2.111291] input: Sleep Button as /devices/LNXSYSTM:00/LNXSLPBN:00/input/input1
[    2.113389] ACPI: Sleep Button [SLPF]
[    2.116178] ACPI: Battery Slot [BAT0] (battery present)
[    2.116198] Serial: 8250/16550 driver, 32 ports, IRQ sharing enabled
[    2.142441] 00:02: ttyS0 at I/O 0x3f8 (irq = 4, base_baud = 115200) is a 16550A
[    2.146068] Linux agpgart interface v0.103
[    2.150940] loop: module loaded
[    2.168524] scsi host0: ata_piix
[    2.220213] scsi host1: ata_piix
[    2.349011] ata1: PATA max UDMA/33 cmd 0x1f0 ctl 0x3f6 bmdma 0xd000 irq 14
[    2.428850] tsc: Refined TSC clocksource calibration: 2305.678 MHz
[    2.428856] clocksource: tsc: mask: 0xffffffffffffffff max_cycles: 0x213c2918c2b, max_idle_ns: 440795273257 ns
[    2.934983] ata2: PATA max UDMA/33 cmd 0x170 ctl 0x376 bmdma 0xd008 irq 15
[    3.088034] libphy: Fixed MDIO Bus: probed
[    3.159126] tun: Universal TUN/TAP device driver, 1.6
[    3.198536] PPP generic driver version 2.4.2
[    3.199814] ehci_hcd: USB 2.0 'Enhanced' Host Controller (EHCI) Driver
[    3.202681] ehci-pci: EHCI PCI platform driver
[    3.203947] ehci-platform: EHCI generic platform driver
[    3.205588] ohci_hcd: USB 1.1 'Open' Host Controller (OHCI) Driver
[    3.207668] ohci-pci: OHCI PCI platform driver
[    3.208970] ohci-platform: OHCI generic platform driver
[    3.210459] uhci_hcd: USB Universal Host Controller Interface driver
[    3.212326] i8042: PNP: PS/2 Controller [PNP0303:PS2K,PNP0f03:PS2M] at 0x60,0x64 irq 1,12
[    3.215346] serio: i8042 KBD port at 0x60,0x64 irq 1
[    3.216944] serio: i8042 AUX port at 0x60,0x64 irq 12
[    3.218738] mousedev: PS/2 mouse device common for all mice
[    3.220453] input: AT Translated Set 2 keyboard as /devices/platform/i8042/serio0/input/input2
[    3.223423] rtc_cmos rtc_cmos: rtc core: registered rtc_cmos as rtc0
[    3.225348] rtc_cmos rtc_cmos: alarms up to one day, 114 bytes nvram
[    3.227127] i2c /dev entries driver
[    3.228344] pcie_mp2_amd: AMD(R) PCI-E MP2 Communication Driver Version: 1.0
[    3.230353] device-mapper: uevent: version 1.0.3
[    3.231830] device-mapper: ioctl: 4.37.0-ioctl (2017-09-20) initialised: dm-devel@redhat.com
[    3.234711] ledtrig-cpu: registered to indicate activity on CPUs
[    3.237190] NET: Registered protocol family 10
[    3.243097] Segment Routing with IPv6
[    3.244355] NET: Registered protocol family 17
[    3.245921] Key type dns_resolver registered
[    3.247709] RAS: Correctable Errors collector initialized.
[    3.249180] sched_clock: Marking stable (3249154107, 0)->(10246312099, -6997157992)
[    3.251824] registered taskstats version 1
[    3.252889] Loading compiled-in X.509 certificates
[    3.256561] Loaded X.509 cert 'Build time autogenerated kernel key: e3b8f44ffaaceef3e3a84cfaebd8e5a9acebeaad'
[    3.330690] zswap: loaded using pool lzo/zbud
[    3.366501] Key type big_key registered
[    3.408673] Key type trusted registered
[    3.487920] Key type encrypted registered
[    3.556640] AppArmor: AppArmor sha1 policy hashing enabled
[    3.614081] ima: No TPM chip found, activating TPM-bypass! (rc=-19)
[    3.644278] ima: Allocated hash algorithm: sha1
[    3.684801] evm: HMAC attrs: 0x1
[    3.706452]   Magic number: 7:765:211
[    3.736459] rtc_cmos rtc_cmos: setting system clock to 2019-02-16 04:13:31 UTC (1550290411)
[    3.742149] BIOS EDD facility v0.16 2004-Jun-25, 0 devices found
[    3.745593] EDD information not available.
[    3.748995] Freeing unused kernel memory: 2408K
[    3.883257] Write protecting the kernel read-only data: 20480k
[    4.896235] Freeing unused kernel memory: 2008K
[    5.577397] Freeing unused kernel memory: 1892K
[    6.323640] x86/mm: Checked W+X mappings: passed, no W+X pages found.
[    7.717091] x86/mm: Checking user space page tables
[    8.400483] x86/mm: Checked W+X mappings: passed, no W+X pages found.
Loading, please wait...
starting version 237
[    9.654981] e1000: Intel(R) PRO/1000 Network Driver - version 7.3.21-k8-NAPI
[    9.739161] e1000: Copyright (c) 1999-2006 Intel Corporation.
[    9.774533] Fusion MPT base driver 3.04.20
[    9.789021] Copyright (c) 1999-2008 LSI Corporation
[    9.799535] AVX2 version of gcm_enc/dec engaged.
[    9.802706] AES CTR mode by8 optimization enabled
[    9.819068] Fusion MPT SPI Host driver 3.04.20
[   10.004806] input: ImExPS/2 Generic Explorer Mouse as /devices/platform/i8042/serio1/input/input4
[   10.214666] e1000 0000:00:03.0 eth0: (PCI:33MHz:32-bit) 02:2f:73:ea:27:92
[   10.363260] e1000 0000:00:03.0 eth0: Intel(R) PRO/1000 Network Connection
[   10.862113] e1000 0000:00:08.0 eth1: (PCI:33MHz:32-bit) 08:00:27:af:f0:b5
[   10.896318] e1000 0000:00:08.0 eth1: Intel(R) PRO/1000 Network Connection
[   10.907154] e1000 0000:00:03.0 enp0s3: renamed from eth0
[   10.912074] mptbase: ioc0: Initiating bringup
[   10.924848] e1000 0000:00:08.0 enp0s8: renamed from eth1
[   11.008237] ioc0: LSI53C1030 A0: Capabilities={Initiator}
[   11.359379] scsi host2: ioc0: LSI53C1030 A0, FwRev=00000000h, Ports=1, MaxQ=256, IRQ=20
[   11.529104] scsi 2:0:0:0: Direct-Access     VBOX     HARDDISK         1.0  PQ: 0 ANSI: 5
[   11.748081] scsi target2:0:0: Beginning Domain Validation
[   11.876872] scsi target2:0:0: Domain Validation skipping write tests
[   11.878497] scsi target2:0:0: Ending Domain Validation
[   11.879837] scsi target2:0:0: asynchronous
[   11.881660] scsi 2:0:1:0: Direct-Access     VBOX     HARDDISK         1.0  PQ: 0 ANSI: 5
[   11.912504] scsi target2:0:1: Beginning Domain Validation
[   11.987853] random: fast init done
[   11.989173] scsi target2:0:1: Domain Validation skipping write tests
[   11.991032] scsi target2:0:1: Ending Domain Validation
[   11.992697] scsi target2:0:1: asynchronous
[   11.999771] random: systemd-udevd: uninitialized urandom read (16 bytes read)
[   12.003366] random: systemd-udevd: uninitialized urandom read (16 bytes read)
[   12.003679] sd 2:0:0:0: Attached scsi generic sg0 type 0
[   12.003802] sd 2:0:1:0: Attached scsi generic sg1 type 0
[   12.004217] sd 2:0:0:0: [sda] 20971520 512-byte logical blocks: (10.7 GB/10.0 GiB)
[   12.005140] sd 2:0:0:0: [sda] Write Protect is off
[   12.005378] sd 2:0:0:0: [sda] Incomplete mode parameter data
[   12.005379] sd 2:0:0:0: [sda] Assuming drive cache: write through
[   12.006759]  sda: sda1
[   12.007691] sd 2:0:0:0: [sda] Attached SCSI disk
[   12.008048] sd 2:0:1:0: [sdb] 20480 512-byte logical blocks: (10.5 MB/10.0 MiB)
[   12.008104] sd 2:0:1:0: [sdb] Write Protect is off
[   12.008302] sd 2:0:1:0: [sdb] Incomplete mode parameter data
[   12.008303] sd 2:0:1:0: [sdb] Assuming drive cache: write through
[   12.011130] sd 2:0:1:0: [sdb] Attached SCSI disk
[   12.077248] random: systemd-udevd: uninitialized urandom read (16 bytes read)
Begin: Loading essential drivers ... [   13.644028] raid6: sse2x1   gen() 12059 MB/s
[   13.772492] raid6: sse2x1   xor()  9081 MB/s
[   13.880409] raid6: sse2x2   gen() 15568 MB/s
[   13.972550] raid6: sse2x2   xor() 10342 MB/s
[   14.072280] raid6: sse2x4   gen() 17609 MB/s
[   14.192178] raid6: sse2x4   xor()  9853 MB/s
[   14.252065] raid6: avx2x1   gen() 23199 MB/s
[   14.340064] raid6: avx2x1   xor() 16992 MB/s
[   14.452188] raid6: avx2x2   gen() 31259 MB/s
[   14.556023] raid6: avx2x2   xor() 18603 MB/s
[   14.668045] raid6: avx2x4   gen() 32671 MB/s
[   14.776217] raid6: avx2x4   xor() 20850 MB/s
[   14.846514] raid6: using algorithm avx2x4 gen() 32671 MB/s
[   14.907502] raid6: .... xor() 20850 MB/s, rmw enabled
[   14.988713] raid6: using avx2x2 recovery algorithm
[   15.050089] xor: automatically using best checksumming function   avx       
[   15.199050] async_tx: api initialized (async)
done.
Begin: Running /scripts/init-premount ... done.
Begin: Mounting root file system ... Begin: Running /scripts/local-top ... done.
Begin: Running /scripts/local-premount ... [   15.339247] Btrfs loaded, crc32c=crc32c-intel
Scanning for Btrfs filesystems
done.
Warning: fsck no[   15.362894] EXT4-fs (sda1): INFO: recovery required on readonly filesystem
t present, so sk[   15.529023] EXT4-fs (sda1): write access will be enabled during recovery
ipping root file system
[   15.855344] EXT4-fs (sda1): recovery complete
[   15.893318] EXT4-fs (sda1): mounted filesystem with ordered data mode. Opts: (null)
done.
Begin: Running /scripts/local-bottom ... done.
Begin: Running /scripts/init-bottom ... done.
[   16.192356] ip_tables: (C) 2000-2006 Netfilter Core Team
[   16.201301] systemd[1]: systemd 237 running in system mode. (+PAM +AUDIT +SELINUX +IMA +APPARMOR +SMACK +SYSVINIT +UTMP +LIBCRYPTSETUP +GCRYPT +GNUTLS +ACL +XZ +LZ4 +SECCOMP +BLKID +ELFUTILS +KMOD -IDN2 +IDN -PCRE2 default-hierarchy=hybrid)
[   16.206494] systemd[1]: Detected virtualization oracle.
[   16.207752] systemd[1]: Detected architecture x86-64.

Welcome to [1mUbuntu 18.04.1 LTS[0m!

[   16.237791] systemd[1]: Set hostname to <ubuntu-bionic>.
[   16.684102] systemd[1]: Reached target System Time Synchronized.
[[0;32m  OK  [0m] Reached target System Time Synchronized.
[   16.687575] systemd[1]: Reached target User and Group Name Lookups.
[[0;32m  OK  [0m] Reached target User and Group Name Lookups.
[   16.693708] systemd[1]: Created slice User and Session Slice.
[[0;32m  OK  [0m] Created slice User and Session Slice.
[   16.699728] systemd[1]: Started Forward Password Requests to Wall Directory Watch.
[[0;32m  OK  [0m] Started Forward Password Requests to Wall Directory Watch.
[   16.908386] systemd[1]: Reached target Swap.
[[0;32m  OK  [0m] Reached target Swap.
[   17.052830] systemd[1]: Set up automount Arbitrary Executable File Formats File System Automount Point.
[[0;32m  OK  [0m] Set up automount Arbitrary Executabâ€¦rmats File System Automount Point.
[[0;32m  OK  [0m] Created slice System Slice.
[[0;32m  OK  [0m] Listening on Journal Socket (/dev/log).
[[0;32m  OK  [0m] Listening on udev Control Socket.
[[0;32m  OK  [0m] Listening on /dev/initctl Compatibility Named Pipe.
[[0;32m  OK  [0m] Reached target Slices.
[[0;32m  OK  [0m] Listening on LVM2 poll daemon socket.
[[0;32m  OK  [0m] Listening on Syslog Socket.
[[0;32m  OK  [0m] Listening on Journal Socket.
         Starting Uncomplicated firewall...
         Mounting Kernel Debug File System...
         Starting Create list of required stâ€¦ce nodes for the current kernel...
         Mounting Huge Pages File System...
         Starting Set the console keyboard layout...
[[0;32m  OK  [0m] Listening on Device-mapper event daemon FIFOs.
[[0;32m  OK  [0m] Listening on Journal Audit Socket.
[   17.548538] random: crng init done
[   17.549519] random: 6 urandom warning(s) missed due to ratelimiting
         Starting Journal Service...
         Starting Remount Root and Kernel File Systems...
[[0;32m  OK  [0m] Created slice system-serial\x2dgetty.slice.
[[0;32m  OK  [0m] Listening on udev Kernel Socket.
         [   17.606046] EXT4-fs (sda1): re-mounted. Opts: (null)
Starting Load Kernel Modules...[   17.702054] Loading iSCSI transport class v2.0-870.

[[0;32m  OK  [0m] Listening on LVM2 metadata da[   17.791725] iscsi: registered transport (tcp)
emon socket.
         Starting Monitoring of LVM2 mirrorsâ€¦ng dmeventd or progress polling...
         [   18.752686] iscsi: registered transport (iser)
Mounting POSIX Message Queue File System...
[[0;32m  OK  [0m] Listening on Network Service Netlink Socket.
         Starting udev Coldplug all Devices...
[[0;32m  OK  [0m] Started Journal Service.
[[0;32m  OK  [0m] Started Uncomplicated firewall.
[[0;32m  OK  [0m] Mounted Kernel Debug File System.
[[0;32m  OK  [0m] Started Create list of required staâ€¦vice nodes for the current kernel.
[[0;32m  OK  [0m] Mounted Huge Pages File System.
[[0;32m  OK  [0m] Started Set the console keyboard layout.
[[0;32m  OK  [0m] Started Remount Root and Kernel File Systems.
[[0;32m  OK  [0m] Started Load Kernel Modules.
[[0;32m  OK  [0m] Mounted POSIX Message Queue File System.
[[0;32m  OK  [0m] Started LVM2 metadata daemon.
         Mounting FUSE Control File System...
         Starting Apply Kernel Variables...
         Mounting Kernel Configuration File System...
         Starting Load/Save Random Seed...
         Starting Initial cloud-init job (pre-networking)...
         Starting Create Static Device Nodes in /dev...
         Starting Flush Journal to Persistent Storage...
[[0;32m  OK  [0m] Started Monitoring of LVM2 mirrors,â€¦sing dmeventd or progress polling.
[[0;32m  OK  [0m] Started udev Coldplug all Devices.
[[0;32m  OK  [0m] Mounted FUSE Control File System.
[[0;32m  OK  [0m] Started Apply Kernel Variables.
[[0;32m  OK  [0m] Mounted Kernel Configuration File System.
[[0;32m  OK  [0m] Started Load/Save Random Seed.
[[0;32m  OK  [0m] Started Create Static Device Nodes in /dev.
         Starting udev Kernel Device Manager...
[[0;32m  OK  [0m] Reached target Local File Systems (Pre).
[[0;32m  OK  [0m] Reached target Local File Systems.
         Starting ebtables ruleset management...
         Starting Tell Plymouth To Write Out Runtime Data...
         Starting Set console font and keymap...
         Starting AppArmor initialization...
[[0;32m  OK  [0m] Started udev Kernel Device Manager.
[[0;32m  OK  [0m] Started Dispatch Password Requests to Console Directory Watch.
[[0;32m  OK  [0m] Reached target Local Encrypted Volumes.
[[0;32m  OK  [0m] Started Tell Plymouth To Write Out Runtime Data.
[[0;32m  OK  [0m] Started Set console font and keymap.
[[0;32m  OK  [0m] Started ebtables ruleset management.
[[0;32m  OK  [0m] Found device /dev/ttyS0.
[[0;32m  OK  [0m] Started Flush Journal to Persistent Storage.
[[0;32m  OK  [0m] Listening on Load/Save RF Kill Switch Status /dev/rfkill Watch.
         Starting Create Volatile Files and Directories...
[[0;32m  OK  [0m] Started Create Volatile Files and Directories.
         Starting Update UTMP about System Boot/Shutdown...
[[0;32m  OK  [0m] Started Update UTMP about System Boot/Shutdown.
[[0;32m  OK  [0m] Started AppArmor initialization.
[   20.658735] cloud-init[416]: Cloud-init v. 18.4-0ubuntu1~18.04.1 running 'init-local' at Sat, 16 Feb 2019 04:13:48 +0000. Up 20.47 seconds.
[[0;32m  OK  [0m] Started Initial cloud-init job (pre-networking).
[[0;32m  OK  [0m] Reached target Network (Pre).
         Starting Network Service...
[[0;32m  OK  [0m] Started Network Service.
         Starting Network Name Resolution...
         Starting Wait for Network to be Configured...
[[0;32m  OK  [0m] Started Network Name Resolution.
[[0;32m  OK  [0m] Reached target Network.
[[0;32m  OK  [0m] Reached target Host and Network Name Lookups.
[[0;32m  OK  [0m] Started Wait for Network to be Configured.
         Starting Initial cloud-init job (metadata service crawler)...
[   22.769723] cloud-init[697]: Cloud-init v. 18.4-0ubuntu1~18.04.1 running 'init' at Sat, 16 Feb 2019 04:13:50 +0000. Up 22.65 seconds.
[   22.783569] cloud-init[697]: ci-info: ++++++++++++++++++++++++++++++++++++++Net device info+++++++++++++++++++++++++++++++++++++++
[   22.830595] cloud-init[697]: ci-info: +--------+------+-----------------------------+---------------+--------+-------------------+
[   22.840324] cloud-init[697]: ci-info: | Device |  Up  |           Address           |      Mask     | Scope  |     Hw-Address    |
[   22.854938] cloud-init[697]: ci-info: +--------+------+-----------------------------+---------------+--------+-------------------+
[   22.859063] cloud-init[697]: ci-info: | enp0s3 | True |          10.0.2.15          | 255.255.255.0 | global | 02:2f:73:ea:27:92 |
[   22.874306] cloud-init[697]: ci-info: | enp0s3 | True |  fe80::2f:73ff:feea:2792/64 |       .       |  link  | 02:2f:73:ea:27:92 |
[   22.876896] cloud-init[697]: ci-info: | enp0s8 | True |        192.168.33.10        | 255.255.255.0 | global | 08:00:27:af:f0:b5 |
[   22.879560] cloud-init[697]: ci-info: | enp0s8 | True | fe80::a00:27ff:feaf:f0b5/64 |       .       |  link  | 08:00:27:af:f0:b5 |
[[   22.984873] cloud-init[697]: ci-info: |   lo   | True |          127.0.0.1          |   255.0.0.0   |  host  |         .         |
[0;32m  OK  [0m[   22.986002] cloud-init[697]: ci-info: |   lo   | True |           ::1/128           |       .       |  host  |         .         |
] [   22.987160] cloud-init[697]: ci-info: +--------+------+-----------------------------+---------------+--------+-------------------+
Started Initial cloud-init job (metadata service crawler).[   22.987284] cloud-init[697]: ci-info: +++++++++++++++++++++++++++++Route IPv4 info+++++++++++++++++++++++++++++

[   22.987397] cloud-init[697]: ci-info: +-------+--------------+----------+-----------------+-----------+-------+
[[   23.060736] cloud-init[697]: ci-info: | Route | Destination  | Gateway  |     Genmask     | Interface | Flags |
[0;32m  OK  [0m[   23.061463] cloud-init[697]: ci-info: +-------+--------------+----------+-----------------+-----------+-------+
] [   23.064370] cloud-init[697]: ci-info: |   0   |   0.0.0.0    | 10.0.2.2 |     0.0.0.0     |   enp0s3  |   UG  |
Reached target Cloud-config availability.
[[   23.066805] cloud-init[697]: ci-info: |   1   |   10.0.2.0   | 0.0.0.0  |  255.255.255.0  |   enp0s3  |   U   |
[0;32m  OK  [0m[   23.072821] cloud-init[697]: ci-info: |   2   |   10.0.2.2   | 0.0.0.0  | 255.255.255.255 |   enp0s3  |   UH  |
] [   23.076141] cloud-init[697]: ci-info: |   3   | 192.168.33.0 | 0.0.0.0  |  255.255.255.0  |   enp0s8  |   U   |
Reached target Network is Online.[   23.078543] cloud-init[697]: ci-info: +-------+--------------+----------+-----------------+-----------+-------+

[   23.082033] cloud-init[697]: ci-info: +++++++++++++++++++Route IPv6 info+++++++++++++++++++
[   23.084942] cloud-init[697]: ci-info: +-------+-------------+---------+-----------+-------+
[   23.092844] cloud-init[697]: ci-info: | Route | Destination | Gateway | Interface | Flags |
[   23.094709] cloud-init[697]: ci-info: +-------+-------------+---------+-----------+-------+
         [   23.148063] Starting Availability of block devices...cloud-init
[697]: ci-info: |   1   |  fe80::/64  |    ::   |   enp0s8  |   U   |
[   23.225407] cloud-init[697]: ci-info: |   2   |  fe80::/64  |    ::   |   enp0s3  |   U   |
[[   23.225623] cloud-init[697]: ci-info: |   4   |    local    |    ::   |   enp0s3  |   U   |
[0;32m  OK  [0m] Reached target Remote File Systems (Pre).
[[   23.226646] cloud-init[697]: ci-info: |   5   |    local    |    ::   |   enp0s8  |   U   |
[0;32m  OK  [0m[   23.353537] cloud-init[697]: ci-info: |   6   |   ff00::/8  |    ::   |   enp0s8  |   U   |
] Reached target Remote File Systems.
[[   23.354447] cloud-init[697]: ci-info: |   7   |   ff00::/8  |    ::   |   enp0s3  |   U   |
[0;32m  OK  [0m[   23.486218] cloud-init[697]: ci-info: +-------+-------------+---------+-----------+-------+
] Reached target System Initialization.
[[0;32m  OK  [0m] Started Discard unused blocks once a week.
[[0;32m  OK  [0m] Started ACPI Events Check.
[[0;32m  OK  [0m] Listening on D-Bus System Message Bus Socket.
[[0;32m  OK  [0m] Started Message of the Day.
         Starting Socket activation for snappy daemon.
[[0;32m  OK  [0m] Listening on Open-iSCSI iscsid Socket.
[[0;32m  OK  [0m] Listening on ACPID Listen Socket.
[[0;32m  OK  [0m] Listening on UUID daemon activation socket.
[[0;32m  OK  [0m] Reached target Paths.
[[0;32m  OK  [0m] Started Daily Cleanup of Temporary Directories.
[[0;32m  OK  [0m] Started Daily apt download activities.
[[0;32m  OK  [0m] Started Daily apt upgrade and clean activities.
[[0;32m  OK  [0m] Reached target Timers.
         Starting LXD - unix socket.
[[0;32m  OK  [0m] Started Availability of block devices.
[[0;32m  OK  [0m] Listening on Socket activation for snappy daemon.
[[0;32m  OK  [0m] Listening on LXD - unix socket.
[[0;32m  OK  [0m] Reached target Sockets.
[[0;32m  OK  [0m] Reached target Basic System.
         Starting LSB: Record successful boot for GRUB...
[[0;32m  OK  [0m] Started Regular background program processing daemon.
[[0;32m  OK  [0m] Started D-Bus System Message Bus.
         Starting vboxadd.service...
         Starting LSB: automatic crash report generation...
[[0;32m  OK  [0m] Started FUSE filesystem for LXC.
[[0;32m  OK  [0m] Started Deferred execution scheduler.
         Starting Permit User Sessions...
[[0;32m  OK  [0m] Started irqbalance daemon.
         Starting LXD - container startup/shutdown...
         Starting OpenBSD Secure Shell server...
         Starting Accounts Service...
         Starting Dispatcher daemon for systemd-networkd...
         Starting System Logging Service...
         Starting Login Service...
         Starting Snappy daemon...
[[0;32m  OK  [0m] Started System Logging Service.
[[0;32m  OK  [0m] Started Permit User Sessions.
         Starting Terminate Plymouth Boot Screen...
         Starting Hold until boot process finishes up...
[[0;32m  OK  [0m] Started OpenBSD Secure Shell server.
[[0;32m  OK  [0m] Started Terminate Plymouth Boot Screen.
[[0;32m  OK  [0m] Started Hold until boot process finishes up.
[[0;32m  OK  [0m] Started Login Service.
[[0;32m  OK  [0m] Started Unattended Upgrades Shutdown.
         Starting Authorization Manager...
[[0;32m  OK  [0m] Started Serial Getty on ttyS0.
         Starting Set console scheme...
[[0;32m  OK  [0m] Started LSB: Record successful boot for GRUB.
[[0;32m  OK  [0m] Started LSB: automatic crash report generation.
[[0;32m  OK  [0m] Started vboxadd.service.
[[0;32m  OK  [0m] Started Dispatcher daemon for systemd-networkd.
[[0;32m  OK  [0m] Started Snappy daemon.
[[0;32m  OK  [0m] Started LXD - container startup/shutdown.
[[0;32m  OK  [0m] Started Set console scheme.
[[0;32m  OK  [0m] Started Authorization Manager.
[[0;32m  OK  [0m] Started Accounts Service.
[[0;32m  OK  [0m] Created slice system-getty.slice.
[[0;32m  OK  [0m] Started Getty on tty1.
[[0;32m  OK  [0m] Reached target Login Prompts.
         Starting Wait until snapd is fully seeded...
         Starting vboxadd-service.service...
[[0;32m  OK  [0m] Started Wait until snapd is fully seeded.
         Starting Apply the settings specified in cloud-config...
[[0;32m  OK  [0m] Started vboxadd-service.service.
[[0;32m  OK  [0m] Reached target Multi-User System.
[[0;32m  OK  [0m] Reached target Graphical Interface.
         Starting Update UTMP about System Runlevel Changes...
[[0;32m  OK  [0m] Started Update UTMP about System Runlevel Changes.
[   25.404291] cloud-init[1160]: Cloud-init v. 18.4-0ubuntu1~18.04.1 running 'modules:config' at Sat, 16 Feb 2019 04:13:53 +0000. Up 25.31 seconds.
[[0;32m  OK  [0m] Started Apply the settings specified in cloud-config.
         Starting Execute cloud user/final scripts...
[   25.951253] cloud-init[1229]: Cloud-init v. 18.4-0ubuntu1~18.04.1 running 'modules:final' at Sat, 16 Feb 2019 04:13:53 +0000. Up 25.86 seconds.
[[0;32m  OK  [0m] Started Execute cloud user/final scripts.
[[0;32m  OK  [0m] Reached target Cloud-init target.
[   26.021312] cloud-init[1229]: Cloud-init v. 18.4-0ubuntu1~18.04.1 finished at Sat, 16 Feb 2019 04:13:53 +0000. Datasource DataSourceNoCloud [seed=/dev/sdb][dsmode=net].  Up 25.94 seconds

Ubuntu 18.04.1 LTS ubuntu-bionic ttyS0

ubuntu-bionic login: 